seed 42 | real_nfull                 5297 rows | test MAE = 26.53  R2 = 0.884  (119 s)
seed 42 | synthetic_generated        7912 rows | test MAE = 47.49  R2 = 0.653  (198 s)
seed 42 | synthetic_labeled          9925 rows | test MAE = 47.03  R2 = 0.686  (354 s)
seed 42 | concat_generated_nfull    12706 rows | test MAE = 27.27  R2 = 0.876  (425 s)
seed 42 | concat_labeled_nfull      15215 rows | test MAE = 27.57  R2 = 0.873  (598 s)
seed 42 | real_n500                   500 rows | test MAE = 41.20  R2 = 0.748  (5 s)
seed 42 | concat_generated_n500      8365 rows | test MAE = 39.54  R2 = 0.746  (220 s)
seed 42 | concat_labeled_n500       10423 rows | test MAE = 40.44  R2 = 0.756  (367 s)
seed 43 | real_nfull                 5297 rows | test MAE = 26.49  R2 = 0.884  (118 s)
seed 43 | synthetic_generated        7912 rows | test MAE = 47.53  R2 = 0.651  (196 s)
seed 43 | synthetic_labeled          9925 rows | test MAE = 47.11  R2 = 0.685  (345 s)
seed 43 | concat_generated_nfull    12706 rows | test MAE = 27.43  R2 = 0.874  (417 s)
seed 43 | concat_labeled_nfull      15215 rows | test MAE = 27.64  R2 = 0.872  (595 s)
seed 43 | real_n500                   500 rows | test MAE = 40.63  R2 = 0.747  (5 s)
seed 43 | concat_generated_n500      8366 rows | test MAE = 39.88  R2 = 0.752  (217 s)
seed 43 | concat_labeled_n500       10423 rows | test MAE = 41.05  R2 = 0.748  (373 s)
seed 44 | real_nfull                 5297 rows | test MAE = 26.51  R2 = 0.883  (124 s)
seed 44 | synthetic_generated        7912 rows | test MAE = 47.51  R2 = 0.652  (199 s)
seed 44 | synthetic_labeled          9925 rows | test MAE = 47.04  R2 = 0.687  (343 s)
seed 44 | concat_generated_nfull    12706 rows | test MAE = 27.29  R2 = 0.875  (428 s)
seed 44 | concat_labeled_nfull      15215 rows | test MAE = 27.58  R2 = 0.873  (587 s)
seed 44 | real_n500                   500 rows | test MAE = 40.37  R2 = 0.759  (5 s)
seed 44 | concat_generated_n500      8366 rows | test MAE = 40.30  R2 = 0.737  (217 s)
seed 44 | concat_labeled_n500       10422 rows | test MAE = 39.94  R2 = 0.762  (369 s)
seed 45 | real_nfull                 5297 rows | test MAE = 26.47  R2 = 0.884  (125 s)
seed 45 | synthetic_generated        7912 rows | test MAE = 47.56  R2 = 0.651  (197 s)
seed 45 | synthetic_labeled          9925 rows | test MAE = 47.03  R2 = 0.687  (403 s)
seed 45 | concat_generated_nfull    12706 rows | test MAE = 27.31  R2 = 0.874  (419 s)
seed 45 | concat_labeled_nfull      15215 rows | test MAE = 27.58  R2 = 0.872  (598 s)
seed 45 | real_n500                   500 rows | test MAE = 40.09  R2 = 0.764  (5 s)
seed 45 | concat_generated_n500      8365 rows | test MAE = 40.28  R2 = 0.741  (221 s)
seed 45 | concat_labeled_n500       10424 rows | test MAE = 40.06  R2 = 0.762  (374 s)
seed 46 | real_nfull                 5297 rows | test MAE = 26.66  R2 = 0.883  (122 s)
seed 46 | synthetic_generated        7912 rows | test MAE = 47.31  R2 = 0.654  (191 s)
seed 46 | synthetic_labeled          9925 rows | test MAE = 47.08  R2 = 0.687  (348 s)
seed 46 | concat_generated_nfull    12706 rows | test MAE = 27.27  R2 = 0.875  (423 s)
seed 46 | concat_labeled_nfull      15215 rows | test MAE = 27.59  R2 = 0.872  (579 s)
seed 46 | real_n500                   500 rows | test MAE = 39.80  R2 = 0.774  (5 s)
seed 46 | concat_generated_n500      8362 rows | test MAE = 39.75  R2 = 0.755  (220 s)
seed 46 | concat_labeled_n500       10424 rows | test MAE = 40.13  R2 = 0.765  (377 s)
